[
	{
		"KanjiId": 5,
		"SortingOrder": 1,
		"Character": "飲",
		"JlptLevel": "N5",
		"UserData": {
			"FavouriteRating": 0.0
		},
		"Readings": [
			{
				"ReadingType": "On",
				"MainText": "イン",
				"SecondaryText": "",
				"RomajiText": "iso"
			},
			{
				"ReadingType": "Kun",
				"MainText": "の",
				"SecondaryText": "む",
				"RomajiText": "nomu"
			},
			{
				"ReadingType": "On",
				"MainText": "オン",
				"SecondaryText": "",
				"RomajiText": "oso"
			},
			{
				"ReadingType": "Kun",
				"MainText": "の",
				"SecondaryText": "み",
				"RomajiText": "nomi"
			}
		],
		"Meanings": [
			"drink",
			"smoke",
			"take"
		]
	},
	{
		"KanjiId": 11,
		"SortingOrder": 0,
		"Character": "説",
		"JlptLevel": "N4",
		"UserData": {
			"FavouriteRating": 5.0
		},
		"Readings": [
			{
				"ReadingType": "On",
				"MainText": "セツ",
				"SecondaryText": "",
				"RomajiText": "setsu"
			},
			{
				"ReadingType": "Kun",
				"MainText": "と",
				"SecondaryText": "く",
				"RomajiText": "toku"
			},
			{
				"ReadingType": "On",
				"MainText": "ゼイ",
				"SecondaryText": "",
				"RomajiText": "zei"
			}
		],
		"Meanings": [
			"opinion",
			"theory",
			"explanation",
			"rumor"
		]
	}
]